# serializer version: 1
# name: test_decode_secret_message
  '''
  █▀▀▀
  █▀▀ 
  █
  '''
# ---
